// Jest Snapshot v1, https://goo.gl/fbAQLP

exports[`MainBlock component –¥–æ–ª–∂–µ–Ω –æ—Ç–æ–±—Ä–∞–∑–∏—Ç—å –Ω–∞–¥–ø–∏—Å—å "–ù–µ —É–¥–∞–ª–æ—Å—å –Ω–∞–π—Ç–∏", –µ—Å–ª–∏ isLoaded=true –∏ items = [] 1`] = `
<div
  className="main container"
>
  <h2>
    –ù–µ —É–¥–∞–ª–æ—Å—å –Ω–∞–π—Ç–∏ üòï
  </h2>
</div>
`;

exports[`MainBlock component –¥–æ–ª–∂–µ–Ω –æ—Ç—Ä–µ–Ω–¥–µ—Ä–∏—Ç—å –∫–æ–º–ø–æ–Ω–µ–Ω—Ç Cart, –µ—Å–ª–∏ isLoaded=true –∏ items = [...] 1`] = `
<div
  className="main container"
>
  <Cart
    items={
      Object {
        "_id": "5fddf22ec0a636d64dc16927",
        "additionalInfo": Object {
          "_id": "5fde3f2fc0a636d64dc1692e",
          "colorId": "5fe8c0eed14a9e7eab184d25",
          "name": "–°—Ç—Ä–æ–∫–∏",
        },
        "color": Object {
          "_id": "5fe8c0eed14a9e7eab184d25",
          "hex": "#eb5757",
          "name": "red",
        },
        "description": "–ù–∏–∫–Ω–µ–π–º —Å–æ—Å—Ç–æ—è—â–∏–π –æ—Ç 3 –¥–æ 16 —Å–∏–º–≤–æ–ª–æ–≤. –î–æ–ø—É—Å–∫–∞—é—Ç—Å—è: –±—É–∫–≤—ã (a-zA-z), —Ü–∏—Ñ—Ä—ã, –¥–µ—Ñ–∏—Å –∏ –Ω–∏–∂–Ω–µ–µ –ø–æ–¥—á–µ—Ä–∫–∏–≤–∞–Ω–∏–µ",
        "pattern": "/^[a-zA-Z0-9_-]{3,16}$/",
        "placeholder": "Nickname_",
        "rating": Object {
          "likes": 20,
          "views": 0,
        },
        "title": "–ù–∏–∫–Ω–µ–π–º",
      }
    }
    key="5fddf22ec0a636d64dc16927"
  />
</div>
`;

exports[`MainBlock component –¥–æ–ª–∂–µ–Ω –æ—Ç—Ä–µ–Ω–¥–µ—Ä–∏—Ç—å –∫–æ–º–ø–æ–Ω–µ–Ω—Ç CartLoadingBlock, –µ—Å–ª–∏ isLoaded=false –∏ items = [] 1`] = `
<div
  className="main container"
>
  <LoadingBlock
    key="0"
  />
  <LoadingBlock
    key="1"
  />
  <LoadingBlock
    key="2"
  />
  <LoadingBlock
    key="3"
  />
  <LoadingBlock
    key="4"
  />
  <LoadingBlock
    key="5"
  />
  <LoadingBlock
    key="6"
  />
  <LoadingBlock
    key="7"
  />
</div>
`;
